------------------------------------------------------------
TimeQuest Timing Analyzer Summary
------------------------------------------------------------

Type  : Slow 1200mV 85C Model Setup 'clock'
Slack : -2.204
TNS   : -19.223

Type  : Slow 1200mV 85C Model Setup 'clk_div4:pc_clk1|clk_track'
Slack : -0.979
TNS   : -6.640

Type  : Slow 1200mV 85C Model Hold 'clk_div4:pc_clk1|clk_track'
Slack : 0.387
TNS   : 0.000

Type  : Slow 1200mV 85C Model Hold 'clock'
Slack : 0.406
TNS   : 0.000

Type  : Slow 1200mV 85C Model Minimum Pulse Width 'clock'
Slack : -3.000
TNS   : -51.351

Type  : Slow 1200mV 85C Model Minimum Pulse Width 'clk_div4:pc_clk1|clk_track'
Slack : -1.285
TNS   : -15.420

Type  : Slow 1200mV 0C Model Setup 'clock'
Slack : -1.907
TNS   : -16.573

Type  : Slow 1200mV 0C Model Setup 'clk_div4:pc_clk1|clk_track'
Slack : -0.780
TNS   : -5.012

Type  : Slow 1200mV 0C Model Hold 'clk_div4:pc_clk1|clk_track'
Slack : 0.340
TNS   : 0.000

Type  : Slow 1200mV 0C Model Hold 'clock'
Slack : 0.363
TNS   : 0.000

Type  : Slow 1200mV 0C Model Minimum Pulse Width 'clock'
Slack : -3.000
TNS   : -50.603

Type  : Slow 1200mV 0C Model Minimum Pulse Width 'clk_div4:pc_clk1|clk_track'
Slack : -1.285
TNS   : -15.420

Type  : Fast 1200mV 0C Model Setup 'clock'
Slack : -0.501
TNS   : -3.093

Type  : Fast 1200mV 0C Model Setup 'clk_div4:pc_clk1|clk_track'
Slack : 0.024
TNS   : 0.000

Type  : Fast 1200mV 0C Model Hold 'clk_div4:pc_clk1|clk_track'
Slack : 0.169
TNS   : 0.000

Type  : Fast 1200mV 0C Model Hold 'clock'
Slack : 0.188
TNS   : 0.000

Type  : Fast 1200mV 0C Model Minimum Pulse Width 'clock'
Slack : -3.000
TNS   : -24.271

Type  : Fast 1200mV 0C Model Minimum Pulse Width 'clk_div4:pc_clk1|clk_track'
Slack : -1.000
TNS   : -12.000

------------------------------------------------------------
